../Core/Src/main.c:153:26:CAN_ConfigExactFilter	56	static
../Core/Src/main.c:169:26:CAN_ConfigFilters	8	static
../Core/Src/main.c:191:26:CAN_Send	48	static
../Core/Src/main.c:206:13:Update_Sensors	16	static
../Core/Src/main.c:241:13:Broadcast_VehicleState	16	static
../Core/Src/main.c:254:13:Broadcast_LightState	16	static
../Core/Src/main.c:260:13:Broadcast_TrunkState	16	static
../Core/Src/main.c:266:13:Broadcast_RadarState	16	static
../Core/Src/main.c:277:13:Send_Heartbeat	16	static
../Core/Src/main.c:286:13:Send_BlinkTick	16	static
../Core/Src/main.c:302:13:Send_ACK	24	static
../Core/Src/main.c:309:13:Log_DTC	64	static
../Core/Src/main.c:338:27:Validate_TrunkCmd	24	static
../Core/Src/main.c:355:13:Execute_LightCmd	24	static
../Core/Src/main.c:383:13:Execute_WiperCmd	24	static
../Core/Src/main.c:391:13:Execute_TurnCmd	24	static
../Core/Src/main.c:414:13:Execute_TrunkCmd	24	static
../Core/Src/main.c:426:13:Handle_DiagRequest	40	static
../Core/Src/main.c:473:6:HAL_CAN_RxFifo0MsgPendingCallback	80	static
../Core/Src/main.c:561:6:HAL_CAN_ErrorCallback	24	static
../Core/Src/main.c:570:6:HAL_TIM_PeriodElapsedCallback	40	static
../Core/Src/main.c:606:5:main	8	static
../Core/Src/main.c:680:6:SystemClock_Config	88	static
../Core/Src/main.c:726:13:MX_ADC1_Init	24	static
../Core/Src/main.c:787:13:MX_CAN1_Init	8	static
../Core/Src/main.c:824:13:MX_TIM2_Init	32	static
../Core/Src/main.c:869:13:MX_TIM6_Init	16	static
../Core/Src/main.c:907:13:MX_TIM7_Init	16	static
../Core/Src/main.c:943:13:MX_DMA_Init	16	static
../Core/Src/main.c:961:13:MX_GPIO_Init	48	static
../Core/Src/main.c:1003:6:Error_Handler	4	static,ignoring_inline_asm
